// Jest Snapshot v1, https://goo.gl/fbAQLP

exports[`Play renders successfully 1`] = `
<body>
  <div>
    <div
      class="MuiBox-root css-svckkv"
    >
      <div
        class="MuiGrid-root MuiGrid-container css-1sgmr83-MuiGrid-root"
      >
        <div
          class="MuiGrid-root MuiGrid-item MuiGrid-grid-xs-12 MuiGrid-grid-md-4 css-1lj5egr-MuiGrid-root"
        >
          <div>
            MockedPlayMapMenu
          </div>
        </div>
        <div
          class="MuiGrid-root MuiGrid-item MuiGrid-grid-xs-12 MuiGrid-grid-md-8 css-2buvx3-MuiGrid-root"
        >
          <p
            class="MuiTypography-root MuiTypography-body1 css-ahj2mt-MuiTypography-root"
          >
            Map Loading...
          </p>
        </div>
        <div>
          MockedPlayFormModal 
          closed
        </div>
      </div>
    </div>
  </div>
</body>
`;
