// Jest Snapshot v1, https://goo.gl/fbAQLP

exports[`SpottedPlaneForm snapshot renders successfully 1`] = `
<div>
  <div
    class="MuiFormControl-root MuiFormControl-marginDense MuiFormControl-fullWidth MuiTextField-root css-1z10yd4-MuiFormControl-root-MuiTextField-root"
  >
    <div
      class="MuiInputBase-root MuiInput-root MuiInput-underline MuiInputBase-colorPrimary MuiInputBase-fullWidth MuiInputBase-formControl MuiInputBase-multiline css-10lvcmn-MuiInputBase-root-MuiInput-root"
    >
      <textarea
        aria-invalid="false"
        class="MuiInputBase-input MuiInput-input MuiInputBase-inputMultiline css-66dh3a-MuiInputBase-input-MuiInput-input"
        id="description-id-truthy"
        name="description-id-truthy"
        style="height: 0px; overflow: hidden;"
      >
        description 1
      </textarea>
      <textarea
        aria-hidden="true"
        class="MuiInputBase-input MuiInput-input MuiInputBase-inputMultiline css-66dh3a-MuiInputBase-input-MuiInput-input"
        readonly=""
        style="visibility: hidden; position: absolute; overflow: hidden; height: 0px; top: 0px; left: 0px; transform: translateZ(0); padding-top: 0px; padding-bottom: 0px; width: 100%;"
        tabindex="-1"
      />
    </div>
  </div>
  <div
    class="MuiFormControl-root MuiFormControl-marginDense MuiFormControl-fullWidth MuiTextField-root css-1z10yd4-MuiFormControl-root-MuiTextField-root"
  >
    <div
      class="MuiInputBase-root MuiInput-root MuiInput-underline MuiInputBase-colorPrimary MuiInputBase-fullWidth MuiInputBase-formControl MuiInputBase-multiline css-10lvcmn-MuiInputBase-root-MuiInput-root"
    >
      <textarea
        aria-invalid="false"
        class="MuiInputBase-input MuiInput-input MuiInputBase-inputMultiline css-66dh3a-MuiInputBase-input-MuiInput-input"
        id="hashtags-id-truthy"
        name="hashtags-id-truthy"
        style="height: 0px; overflow: hidden;"
      >
        #hashtags1
      </textarea>
      <textarea
        aria-hidden="true"
        class="MuiInputBase-input MuiInput-input MuiInputBase-inputMultiline css-66dh3a-MuiInputBase-input-MuiInput-input"
        readonly=""
        style="visibility: hidden; position: absolute; overflow: hidden; height: 0px; top: 0px; left: 0px; transform: translateZ(0); padding-top: 0px; padding-bottom: 0px; width: 100%;"
        tabindex="-1"
      />
    </div>
  </div>
</div>
`;
