// Jest Snapshot v1, https://goo.gl/fbAQLP

exports[`MotivationPollPage snapshot renders successfully 1`] = `
<div>
  <div>
    <div>
      Mocked Page Template (
      Motivation Test
      ):
      <span>
         - 
      </span>
      <div>
        MockedMotivationPoll
      </div>
      <div>
        Mocked Locale Links:
        <span>
          en
           -
           
          <span>
            ru
          </span>
          <span>
            en
          </span>
           
          - 
          /motivationTest
        </span>
      </div>
    </div>
  </div>
</div>
`;
