// Jest Snapshot v1, https://goo.gl/fbAQLP

exports[`DayLink renders successfully 1`] = `
<div>
  <a
    href="/5book/101"
  >
    <svg
      aria-hidden="true"
      class="MuiSvgIcon-root MuiSvgIcon-fontSizeMedium css-i4bv87-MuiSvgIcon-root"
      data-testid="ArrowBackIosNewIcon"
      focusable="false"
      viewBox="0 0 24 24"
    >
      <path
        d="M17.77 3.77 16 2 6 12l10 10 1.77-1.77L9.54 12z"
      />
    </svg>
  </a>
  <a
    href="/5book/103"
  >
    <svg
      aria-hidden="true"
      class="MuiSvgIcon-root MuiSvgIcon-fontSizeMedium css-i4bv87-MuiSvgIcon-root"
      data-testid="ArrowForwardIosIcon"
      focusable="false"
      viewBox="0 0 24 24"
    >
      <path
        d="M6.23 20.23 8 22l10-10L8 2 6.23 3.77 14.46 12z"
      />
    </svg>
  </a>
</div>
`;
