// Jest Snapshot v1, https://goo.gl/fbAQLP

exports[`FinishForm snapshot Renders successfully 1`] = `
<body>
  <div>
    <div
      class="MuiBox-root css-12dtbqf"
    >
      <h1
        class="MuiTypography-root MuiTypography-h5 css-jrpjrq-MuiTypography-root"
      >
        Type you name an get your results
      </h1>
      <div
        class="MuiBox-root css-s8pky4"
      >
        <div
          aria-label="name"
          class="MuiFormControl-root MuiTextField-root css-1u3bzj6-MuiFormControl-root-MuiTextField-root"
        >
          <div
            class="MuiInputBase-root MuiOutlinedInput-root MuiInputBase-colorPrimary MuiInputBase-formControl css-9ddj71-MuiInputBase-root-MuiOutlinedInput-root"
          >
            <input
              aria-invalid="false"
              class="MuiInputBase-input MuiOutlinedInput-input css-1t8l2tu-MuiInputBase-input-MuiOutlinedInput-input"
              data-testid="name-input"
              id=":r0:"
              name="name"
              type="text"
              value="Mocked description"
            />
            <fieldset
              aria-hidden="true"
              class="MuiOutlinedInput-notchedOutline css-1d3z3hw-MuiOutlinedInput-notchedOutline"
            >
              <legend
                class="css-ihdtdm"
              >
                <span
                  class="notranslate"
                >
                  ​
                </span>
              </legend>
            </fieldset>
          </div>
        </div>
        <button
          class="MuiButtonBase-root MuiButton-root MuiButton-outlined MuiButton-outlinedPrimary MuiButton-sizeLarge MuiButton-outlinedSizeLarge MuiButton-colorPrimary MuiButton-root MuiButton-outlined MuiButton-outlinedPrimary MuiButton-sizeLarge MuiButton-outlinedSizeLarge MuiButton-colorPrimary css-9y1egq-MuiButtonBase-root-MuiButton-root"
          tabindex="0"
          type="button"
        >
          Get Results
          <span
            class="MuiTouchRipple-root css-8je8zh-MuiTouchRipple-root"
          />
        </button>
      </div>
    </div>
  </div>
</body>
`;
