// Jest Snapshot v1, https://goo.gl/fbAQLP

exports[`Breadcrumbs snapshot renders successfully 1`] = `
<body>
  <div>
    <nav
      class="MuiTypography-root MuiTypography-body1 MuiBreadcrumbs-root css-63vwl1-MuiTypography-root-MuiBreadcrumbs-root"
    >
      <ol
        class="MuiBreadcrumbs-ol css-4pdmu4-MuiBreadcrumbs-ol"
      >
        <li
          class="MuiBreadcrumbs-li"
        >
          <a
            href="/breadcrumb1"
          >
            <span
              class="MuiTypography-root MuiTypography-inherit MuiLink-root MuiLink-underlineHover css-17dcqu8-MuiTypography-root-MuiLink-root"
            >
              Breadcrumb 1
            </span>
          </a>
        </li>
        <li
          aria-hidden="true"
          class="MuiBreadcrumbs-separator css-1wuw8dw-MuiBreadcrumbs-separator"
        >
          /
        </li>
        <li
          class="MuiBreadcrumbs-li"
        >
          <span
            class="MuiTypography-root MuiTypography-body1 css-ahj2mt-MuiTypography-root"
          >
            Breadcrumb 2
          </span>
        </li>
        <li
          aria-hidden="true"
          class="MuiBreadcrumbs-separator css-1wuw8dw-MuiBreadcrumbs-separator"
        >
          /
        </li>
        <li
          class="MuiBreadcrumbs-li"
        >
          <a
            href="/breadcrumb3"
          >
            <span
              class="MuiTypography-root MuiTypography-inherit MuiLink-root MuiLink-underlineHover css-17dcqu8-MuiTypography-root-MuiLink-root"
            >
              Breadcrumb 3
            </span>
          </a>
        </li>
      </ol>
    </nav>
  </div>
</body>
`;
